// Jest Snapshot v1, https://goo.gl/fbAQLP

exports[`renders blank state 1`] = `
<div
  className="company-searcher"
>
  <datalist
    id="suggestions"
  />
  <label
    className="name-label"
  >
    Company Name
  </label>
  <input
    autoComplete="off"
    className="name-input"
    list="suggestions"
    onChange={[Function]}
    type="text"
  />
</div>
`;
